../Core/Src/mpu6050.c:13:6:Kalman_init	16	static
../Core/Src/mpu6050.c:23:7:Kalman_getAngle	48	static
../Core/Src/mpu6050.c:52:6:Kalman_setAngle	16	static
../Core/Src/mpu6050.c:69:6:TT_Init_MPU6050	32	static
../Core/Src/mpu6050.c:78:6:TT_Get_Gyro_Cal_Values	56	static
../Core/Src/mpu6050.c:97:6:TT_Kalman_Init	40	static
../Core/Src/mpu6050.c:115:13:TT_Process_All_Values	56	static
../Core/Src/mpu6050.c:144:7:TT_Get_Pitch_Angle	8	static
../Core/Src/mpu6050.c:149:7:TT_Get_Roll_Angle	4	static
../Core/Src/mpu6050.c:153:7:TT_Get_Yaw_Angle	4	static
